componentes/erro/erro-api.tsx(64,2): error TS1002: Unterminated string literal.
componentes/erro/erro-pagina.tsx(64,2): error TS1002: Unterminated string literal.
