.next/dev/types/validator.ts(639,31): error TS2344: Type 'typeof import("C:/Users/Pablo/Documents/Projetos1/fluxocerto/app/api/estoque/ [id]/route")' does not satisfy the constraint 'RouteHandlerConfig<"/api/estoque/ [id]">'.
  Types of property 'PUT' are incompatible.
    Type '(request: NextRequest, { params }: { params: Promise<{ id: string; }>; }) => Promise<NextResponse<{ id: string; nome: string; usuarioId: string; isArchived: boolean; archivedAt: Date | null; ... 15 more ...; ativo: boolean; }> | NextResponse<...>>' is not assignable to type '(request: NextRequest, context: { params: Promise<{}>; }) => void | Response | Promise<void | Response>'.
      Types of parameters '__1' and 'context' are incompatible.
        Type '{ params: Promise<{}>; }' is not assignable to type '{ params: Promise<{ id: string; }>; }'.
          Types of property 'params' are incompatible.
            Type 'Promise<{}>' is not assignable to type 'Promise<{ id: string; }>'.
              Property 'id' is missing in type '{}' but required in type '{ id: string; }'.
biblioteca/cache-revalidation.ts(11,5): error TS2554: Expected 2 arguments, but got 1.
biblioteca/cache-revalidation.ts(12,5): error TS2554: Expected 2 arguments, but got 1.
biblioteca/cache-revalidation.ts(13,5): error TS2554: Expected 2 arguments, but got 1.
biblioteca/cache-revalidation.ts(14,5): error TS2554: Expected 2 arguments, but got 1.
biblioteca/cache-revalidation.ts(15,5): error TS2554: Expected 2 arguments, but got 1.
